?A <N TYPE="NATION">t?r?k?k</N> nyilai <V TYPE="AGGR">eltal?lt?k</V> a magyarokat.